--- 2026-10-03T18:48:33Z broker=paper exit=0
WARNING: --ignore-gates. This strategy did NOT pass the gates. Testnet/paper only -- never real money.
{
  "bar": "2026-10-03 00:00:00+00:00",
  "action": "BUY",
  "executed": true,
  "price": 84518.01,
  "equity": 10000.0,
  "signal": 1.0,
  "stop": 80823.17,
  "current_qty": 0.0,
  "target_qty": 0.023664,
  "health": {
    "live_sharpe": 0.0,
    "current_dd": 0.0,
    "alerts": [],
    "action": "CONTINUE",
    "note": "not enough live data"
  },
  "order": {
    "side": "BUY",
    "qty": 0.023664
  },
  "fill": {
    "side": "BUY",
    "qty": 0.023664,
    "price": 84543.36540299999,
    "quote_qty": 2000.634198896592,
    "commission_quote": 1.000317099448296
  }
}
--- 2026-10-03T19:45:54Z broker=paper exit=0
WARNING: --ignore-gates. This strategy did NOT pass the gates. Testnet/paper only -- never real money.
{
  "bar": "2026-10-03 00:00:00+00:00",
  "action": "SKIP",
  "executed": false,
  "reason": "bar already handled"
}
--- 2026-10-04T01:35:46Z broker=paper exit=0
WARNING: --ignore-gates. This strategy did NOT pass the gates. Testnet/paper only -- never real money.
{
  "bar": "2026-10-04 00:00:00+00:00",
  "action": "HOLD",
  "executed": true,
  "price": 84753.56,
  "equity": 10003.97,
  "signal": 1.0,
  "stop": 81376.54,
  "current_qty": 0.023664,
  "target_qty": 0.023607,
  "health": {
    "live_sharpe": 0.0,
    "current_dd": 0.0,
    "alerts": [],
    "action": "CONTINUE"
  },
  "order": null
}
--- 2026-10-05T05:07:25Z broker=paper exit=0
WARNING: --ignore-gates. This strategy did NOT pass the gates. Testnet/paper only -- never real money.
{
  "bar": "2026-10-05 00:00:00+00:00",
  "action": "HOLD",
  "executed": true,
  "price": 86530.0,
  "equity": 10046.01,
  "signal": 1.0,
  "stop": 83102.89,
  "current_qty": 0.023664,
  "target_qty": 0.02322,
  "health": {
    "live_sharpe": 16.34,
    "current_dd": 0.0,
    "alerts": [],
    "action": "CONTINUE"
  },
  "order": null
}
--- 2026-10-06T05:53:55Z broker=paper exit=0
WARNING: --ignore-gates. This strategy did NOT pass the gates. Testnet/paper only -- never real money.
{
  "bar": "2026-10-06 00:00:00+00:00",
  "action": "HOLD",
  "executed": true,
  "price": 85766.87,
  "equity": 10027.95,
  "signal": 1.0,
  "stop": 82350.07,
  "current_qty": 0.023664,
  "target_qty": 0.023384,
  "health": {
    "live_sharpe": 5.97,
    "current_dd": -0.9,
    "alerts": [],
    "action": "CONTINUE"
  },
  "order": null
}
--- 2026-10-07T05:27:05Z broker=paper exit=0
WARNING: --ignore-gates. This strategy did NOT pass the gates. Testnet/paper only -- never real money.
{
  "bar": "2026-10-07 00:00:00+00:00",
  "action": "HOLD",
  "executed": true,
  "price": 85549.93,
  "equity": 10022.82,
  "signal": 1.0,
  "stop": 82140.44,
  "current_qty": 0.023664,
  "target_qty": 0.023432,
  "health": {
    "live_sharpe": 4.32,
    "current_dd": -1.1,
    "alerts": [],
    "action": "CONTINUE"
  },
  "order": null
}
